// Jest Snapshot v1, https://goo.gl/fbAQLP

exports[`Renders GNavigationButtonComponent Component Correctly 1`] = `
<View
  style={
    Object {
      "alignSelf": "center",
      "backgroundColor": "grey",
      "height": 133.4,
      "marginBottom": 10,
      "width": "90%",
    }
  }
>
  <View
    accessible={true}
    focusable={true}
    onClick={[Function]}
    onResponderGrant={[Function]}
    onResponderMove={[Function]}
    onResponderRelease={[Function]}
    onResponderTerminate={[Function]}
    onResponderTerminationRequest={[Function]}
    onStartShouldSetResponder={[Function]}
    style={
      Object {
        "height": "100%",
        "justifyContent": "center",
        "opacity": 1,
        "width": "100%",
      }
    }
  >
    <Text
      style={
        Object {
          "textAlign": "center",
        }
      }
    />
  </View>
</View>
`;
